Archive member included to satisfy reference by file (symbol)

c:/program files (x86)/gnu arm embedded toolchain/10 2021.10/bin/../lib/gcc/arm-none-eabi/10.3.1/../../../../arm-none-eabi/lib\libc.a(lib_a-errno.o)
                              _build/nrf52832_xxaa/syscalls.o (__errno)
c:/program files (x86)/gnu arm embedded toolchain/10 2021.10/bin/../lib/gcc/arm-none-eabi/10.3.1/../../../../arm-none-eabi/lib\libc.a(lib_a-exit.o)
                              c:/program files (x86)/gnu arm embedded toolchain/10 2021.10/bin/../lib/gcc/arm-none-eabi/10.3.1/../../../../arm-none-eabi/lib/crt0.o (exit)
c:/program files (x86)/gnu arm embedded toolchain/10 2021.10/bin/../lib/gcc/arm-none-eabi/10.3.1/../../../../arm-none-eabi/lib\libc.a(lib_a-impure.o)
                              c:/program files (x86)/gnu arm embedded toolchain/10 2021.10/bin/../lib/gcc/arm-none-eabi/10.3.1/../../../../arm-none-eabi/lib\libc.a(lib_a-exit.o) (_global_impure_ptr)
c:/program files (x86)/gnu arm embedded toolchain/10 2021.10/bin/../lib/gcc/arm-none-eabi/10.3.1/../../../../arm-none-eabi/lib\libc.a(lib_a-init.o)
                              c:/program files (x86)/gnu arm embedded toolchain/10 2021.10/bin/../lib/gcc/arm-none-eabi/10.3.1/../../../../arm-none-eabi/lib/crt0.o (__libc_init_array)
c:/program files (x86)/gnu arm embedded toolchain/10 2021.10/bin/../lib/gcc/arm-none-eabi/10.3.1/../../../../arm-none-eabi/lib\libc.a(lib_a-memset.o)
                              c:/program files (x86)/gnu arm embedded toolchain/10 2021.10/bin/../lib/gcc/arm-none-eabi/10.3.1/../../../../arm-none-eabi/lib/crt0.o (memset)
c:/program files (x86)/gnu arm embedded toolchain/10 2021.10/bin/../lib/gcc/arm-none-eabi/10.3.1/../../../../arm-none-eabi/lib\libc.a(lib_a-__call_atexit.o)
                              c:/program files (x86)/gnu arm embedded toolchain/10 2021.10/bin/../lib/gcc/arm-none-eabi/10.3.1/../../../../arm-none-eabi/lib\libc.a(lib_a-exit.o) (__call_exitprocs)
c:/program files (x86)/gnu arm embedded toolchain/10 2021.10/bin/../lib/gcc/arm-none-eabi/10.3.1/../../../../arm-none-eabi/lib\libc.a(lib_a-atexit.o)
                              c:/program files (x86)/gnu arm embedded toolchain/10 2021.10/bin/../lib/gcc/arm-none-eabi/10.3.1/../../../../arm-none-eabi/lib\libc.a(lib_a-__call_atexit.o) (atexit)
c:/program files (x86)/gnu arm embedded toolchain/10 2021.10/bin/../lib/gcc/arm-none-eabi/10.3.1/../../../../arm-none-eabi/lib\libc.a(lib_a-fini.o)
                              c:/program files (x86)/gnu arm embedded toolchain/10 2021.10/bin/../lib/gcc/arm-none-eabi/10.3.1/../../../../arm-none-eabi/lib\libc.a(lib_a-__call_atexit.o) (__libc_fini_array)
c:/program files (x86)/gnu arm embedded toolchain/10 2021.10/bin/../lib/gcc/arm-none-eabi/10.3.1/../../../../arm-none-eabi/lib\libc.a(lib_a-lock.o)
                              c:/program files (x86)/gnu arm embedded toolchain/10 2021.10/bin/../lib/gcc/arm-none-eabi/10.3.1/../../../../arm-none-eabi/lib\libc.a(lib_a-__call_atexit.o) (__retarget_lock_acquire_recursive)
c:/program files (x86)/gnu arm embedded toolchain/10 2021.10/bin/../lib/gcc/arm-none-eabi/10.3.1/../../../../arm-none-eabi/lib\libc.a(lib_a-__atexit.o)
                              c:/program files (x86)/gnu arm embedded toolchain/10 2021.10/bin/../lib/gcc/arm-none-eabi/10.3.1/../../../../arm-none-eabi/lib\libc.a(lib_a-atexit.o) (__register_exitproc)

Discarded input sections

 .group         0x00000000        0xc _build/nrf52832_xxaa/main.o
 .group         0x00000000        0xc _build/nrf52832_xxaa/main.o
 .group         0x00000000        0xc _build/nrf52832_xxaa/main.o
 .group         0x00000000        0xc _build/nrf52832_xxaa/main.o
 .group         0x00000000        0xc _build/nrf52832_xxaa/main.o
 .group         0x00000000        0xc _build/nrf52832_xxaa/main.o
 .group         0x00000000        0xc _build/nrf52832_xxaa/main.o
 .group         0x00000000        0xc _build/nrf52832_xxaa/main.o
 .group         0x00000000        0xc _build/nrf52832_xxaa/main.o
 .group         0x00000000        0xc _build/nrf52832_xxaa/main.o
 .group         0x00000000        0xc _build/nrf52832_xxaa/main.o
 .group         0x00000000        0xc _build/nrf52832_xxaa/main.o
 .group         0x00000000        0xc _build/nrf52832_xxaa/main.o
 .group         0x00000000        0xc _build/nrf52832_xxaa/main.o
 .group         0x00000000        0xc _build/nrf52832_xxaa/main.o
 .group         0x00000000        0xc _build/nrf52832_xxaa/main.o
 .group         0x00000000        0xc _build/nrf52832_xxaa/main.o
 .group         0x00000000        0xc _build/nrf52832_xxaa/main.o
 .group         0x00000000        0xc _build/nrf52832_xxaa/main.o
 .group         0x00000000        0xc _build/nrf52832_xxaa/main.o
 .group         0x00000000        0xc _build/nrf52832_xxaa/main.o
 .group         0x00000000        0xc _build/nrf52832_xxaa/main.o
 .group         0x00000000        0xc _build/nrf52832_xxaa/main.o
 .group         0x00000000        0xc _build/nrf52832_xxaa/main.o
 .group         0x00000000        0xc _build/nrf52832_xxaa/main.o
 .group         0x00000000        0xc _build/nrf52832_xxaa/main.o
 .group         0x00000000        0xc _build/nrf52832_xxaa/main.o
 .group         0x00000000        0xc _build/nrf52832_xxaa/syscalls.o
 .group         0x00000000        0xc _build/nrf52832_xxaa/syscalls.o
 .group         0x00000000        0xc _build/nrf52832_xxaa/syscalls.o
 .group         0x00000000        0xc _build/nrf52832_xxaa/syscalls.o
 .group         0x00000000        0xc _build/nrf52832_xxaa/syscalls.o
 .group         0x00000000        0xc _build/nrf52832_xxaa/syscalls.o
 .group         0x00000000        0xc _build/nrf52832_xxaa/syscalls.o
 .group         0x00000000        0xc _build/nrf52832_xxaa/syscalls.o
 .group         0x00000000        0xc _build/nrf52832_xxaa/syscalls.o
 .group         0x00000000        0xc _build/nrf52832_xxaa/syscalls.o
 .group         0x00000000        0xc _build/nrf52832_xxaa/syscalls.o
 .group         0x00000000        0xc _build/nrf52832_xxaa/syscalls.o
 .group         0x00000000        0xc _build/nrf52832_xxaa/syscalls.o
 .group         0x00000000        0xc _build/nrf52832_xxaa/syscalls.o
 .group         0x00000000        0xc _build/nrf52832_xxaa/syscalls.o
 .group         0x00000000        0xc _build/nrf52832_xxaa/syscalls.o
 .group         0x00000000        0xc _build/nrf52832_xxaa/syscalls.o
 .group         0x00000000        0xc _build/nrf52832_xxaa/syscalls.o
 .group         0x00000000        0xc _build/nrf52832_xxaa/syscalls.o
 .group         0x00000000        0xc _build/nrf52832_xxaa/syscalls.o
 .group         0x00000000        0xc _build/nrf52832_xxaa/syscalls.o
 .group         0x00000000        0xc _build/nrf52832_xxaa/syscalls.o
 .group         0x00000000        0xc _build/nrf52832_xxaa/syscalls.o
 .group         0x00000000        0xc _build/nrf52832_xxaa/syscalls.o
 .group         0x00000000        0xc _build/nrf52832_xxaa/syscalls.o
 .group         0x00000000        0xc _build/nrf52832_xxaa/syscalls.o
 .group         0x00000000        0xc _build/nrf52832_xxaa/syscalls.o
 .group         0x00000000        0xc _build/nrf52832_xxaa/syscalls.o
 .group         0x00000000        0xc _build/nrf52832_xxaa/syscalls.o
 .group         0x00000000        0xc _build/nrf52832_xxaa/syscalls.o
 .group         0x00000000        0xc _build/nrf52832_xxaa/syscalls.o
 .group         0x00000000        0xc _build/nrf52832_xxaa/syscalls.o
 .group         0x00000000        0xc _build/nrf52832_xxaa/syscalls.o
 .group         0x00000000        0xc _build/nrf52832_xxaa/syscalls.o
 .group         0x00000000        0xc _build/nrf52832_xxaa/syscalls.o
 .group         0x00000000        0xc _build/nrf52832_xxaa/syscalls.o
 .group         0x00000000        0xc _build/nrf52832_xxaa/syscalls.o
 .debug_macro   0x00000000      0xa78 _build/nrf52832_xxaa/syscalls.o
 .debug_macro   0x00000000       0x22 _build/nrf52832_xxaa/syscalls.o
 .debug_macro   0x00000000      0x174 _build/nrf52832_xxaa/syscalls.o
 .debug_macro   0x00000000       0x6a _build/nrf52832_xxaa/syscalls.o
 .group         0x00000000        0xc _build/nrf52832_xxaa/system_nrf52.o
 .group         0x00000000        0xc _build/nrf52832_xxaa/system_nrf52.o
 .debug_macro   0x00000000      0xa78 _build/nrf52832_xxaa/system_nrf52.o
 .debug_macro   0x00000000      0x6ac _build/nrf52832_xxaa/system_nrf52.o

Memory Configuration

Name             Origin             Length             Attributes
FLASH            0x00000000         0x00080000         xr
RAM              0x20000000         0x00010000         xrw
*default*        0x00000000         0xffffffff

Linker script and memory map

LOAD c:/program files (x86)/gnu arm embedded toolchain/10 2021.10/bin/../lib/gcc/arm-none-eabi/10.3.1/crti.o
LOAD c:/program files (x86)/gnu arm embedded toolchain/10 2021.10/bin/../lib/gcc/arm-none-eabi/10.3.1/crtbegin.o
LOAD c:/program files (x86)/gnu arm embedded toolchain/10 2021.10/bin/../lib/gcc/arm-none-eabi/10.3.1/../../../../arm-none-eabi/lib/crt0.o
LOAD _build/nrf52832_xxaa/main.o
LOAD _build/nrf52832_xxaa/syscalls.o
LOAD _build/nrf52832_xxaa/gcc_startup_nrf52.o
LOAD _build/nrf52832_xxaa/system_nrf52.o
START GROUP
LOAD c:/program files (x86)/gnu arm embedded toolchain/10 2021.10/bin/../lib/gcc/arm-none-eabi/10.3.1\libgcc.a
LOAD c:/program files (x86)/gnu arm embedded toolchain/10 2021.10/bin/../lib/gcc/arm-none-eabi/10.3.1/../../../../arm-none-eabi/lib\libc.a
END GROUP
LOAD c:/program files (x86)/gnu arm embedded toolchain/10 2021.10/bin/../lib/gcc/arm-none-eabi/10.3.1/crtend.o
LOAD c:/program files (x86)/gnu arm embedded toolchain/10 2021.10/bin/../lib/gcc/arm-none-eabi/10.3.1/crtn.o

.isr_vector     0x00000000      0x200
                0x00000000                . = ALIGN (0x4)
 *(.isr_vector)
 .isr_vector    0x00000000      0x200 _build/nrf52832_xxaa/gcc_startup_nrf52.o
                0x00000000                __isr_vector

.eh_frame       0x00000200        0x4
 .eh_frame      0x00000200        0x0 c:/program files (x86)/gnu arm embedded toolchain/10 2021.10/bin/../lib/gcc/arm-none-eabi/10.3.1/crtbegin.o
 .eh_frame      0x00000200        0x4 c:/program files (x86)/gnu arm embedded toolchain/10 2021.10/bin/../lib/gcc/arm-none-eabi/10.3.1/crtend.o

.ARM.extab      0x00000204        0x0
 .ARM.extab     0x00000204        0x0 c:/program files (x86)/gnu arm embedded toolchain/10 2021.10/bin/../lib/gcc/arm-none-eabi/10.3.1/../../../../arm-none-eabi/lib/crt0.o

.ARM.exidx      0x00000204        0x8
 .ARM.exidx     0x00000204        0x8 c:/program files (x86)/gnu arm embedded toolchain/10 2021.10/bin/../lib/gcc/arm-none-eabi/10.3.1/../../../../arm-none-eabi/lib/crt0.o
                                 0x10 (size before relaxing)

.text           0x0000020c      0x9f4
                0x0000020c                . = ALIGN (0x4)
 *(.text*)
 .text          0x0000020c        0x0 c:/program files (x86)/gnu arm embedded toolchain/10 2021.10/bin/../lib/gcc/arm-none-eabi/10.3.1/crti.o
 .text          0x0000020c       0x70 c:/program files (x86)/gnu arm embedded toolchain/10 2021.10/bin/../lib/gcc/arm-none-eabi/10.3.1/crtbegin.o
 .text          0x0000027c      0x138 c:/program files (x86)/gnu arm embedded toolchain/10 2021.10/bin/../lib/gcc/arm-none-eabi/10.3.1/../../../../arm-none-eabi/lib/crt0.o
                0x0000027c                _stack_init
                0x00000304                _start
                0x00000304                _mainCRTStartup
 .text          0x000003b4      0x1b4 _build/nrf52832_xxaa/main.o
                0x000004ce                simple_uart_init
                0x00000508                simple_uart_get
                0x00000534                main
 .text          0x00000568       0xf8 _build/nrf52832_xxaa/syscalls.o
                0x00000568                _close
                0x0000057e                _fstat
                0x0000059c                _isatty
                0x000005b0                _lseek
                0x000005c8                _read
                0x000005e0                _write
                0x000005f8                _sbrk
                0x00000654                _exit
 .text          0x00000660       0x14 _build/nrf52832_xxaa/gcc_startup_nrf52.o
                0x00000660                NMI_Handler
                0x00000662                HardFault_Handler
                0x00000664                MemoryManagement_Handler
                0x00000666                BusFault_Handler
                0x00000668                UsageFault_Handler
                0x0000066a                SVC_Handler
                0x0000066c                DebugMon_Handler
                0x0000066e                PendSV_Handler
                0x00000670                SysTick_Handler
                0x00000672                PWM1_IRQHandler
                0x00000672                RTC0_IRQHandler
                0x00000672                POWER_CLOCK_IRQHandler
                0x00000672                RADIO_IRQHandler
                0x00000672                PDM_IRQHandler
                0x00000672                GPIOTE_IRQHandler
                0x00000672                QDEC_IRQHandler
                0x00000672                TIMER3_IRQHandler
                0x00000672                FPU_IRQHandler
                0x00000672                SPIM0_SPIS0_TWIM0_TWIS0_SPI0_TWI0_IRQHandler
                0x00000672                SWI2_EGU2_IRQHandler
                0x00000672                UARTE0_UART0_IRQHandler
                0x00000672                TIMER4_IRQHandler
                0x00000672                TEMP_IRQHandler
                0x00000672                SWI4_EGU4_IRQHandler
                0x00000672                TIMER0_IRQHandler
                0x00000672                TIMER1_IRQHandler
                0x00000672                PWM2_IRQHandler
                0x00000672                ECB_IRQHandler
                0x00000672                SPIM1_SPIS1_TWIM1_TWIS1_SPI1_TWI1_IRQHandler
                0x00000672                Default_Handler
                0x00000672                SAADC_IRQHandler
                0x00000672                CCM_AAR_IRQHandler
                0x00000672                WDT_IRQHandler
                0x00000672                SWI0_EGU0_IRQHandler
                0x00000672                SWI5_EGU5_IRQHandler
                0x00000672                RNG_IRQHandler
                0x00000672                RTC2_IRQHandler
                0x00000672                PWM0_IRQHandler
                0x00000672                SWI3_EGU3_IRQHandler
                0x00000672                RTC1_IRQHandler
                0x00000672                SWI1_EGU1_IRQHandler
                0x00000672                SPIM2_SPIS2_SPI2_IRQHandler
                0x00000672                NFCT_IRQHandler
                0x00000672                I2S_IRQHandler
                0x00000672                MWU_IRQHandler
                0x00000672                TIMER2_IRQHandler
                0x00000672                COMP_LPCOMP_IRQHandler
 .text.Reset_Handler
                0x00000674       0x60 _build/nrf52832_xxaa/gcc_startup_nrf52.o
                0x00000674                Reset_Handler
 .text          0x000006d4        0xc _build/nrf52832_xxaa/system_nrf52.o
                0x000006d4                SystemInit
 .text          0x000006e0        0x0 c:/program files (x86)/gnu arm embedded toolchain/10 2021.10/bin/../lib/gcc/arm-none-eabi/10.3.1/../../../../arm-none-eabi/lib\libc.a(lib_a-errno.o)
 .text.__errno  0x000006e0       0x10 c:/program files (x86)/gnu arm embedded toolchain/10 2021.10/bin/../lib/gcc/arm-none-eabi/10.3.1/../../../../arm-none-eabi/lib\libc.a(lib_a-errno.o)
                0x000006e0                __errno
 .text          0x000006f0        0x0 c:/program files (x86)/gnu arm embedded toolchain/10 2021.10/bin/../lib/gcc/arm-none-eabi/10.3.1/../../../../arm-none-eabi/lib\libc.a(lib_a-exit.o)
 .text.exit     0x000006f0       0x34 c:/program files (x86)/gnu arm embedded toolchain/10 2021.10/bin/../lib/gcc/arm-none-eabi/10.3.1/../../../../arm-none-eabi/lib\libc.a(lib_a-exit.o)
                0x000006f0                exit
 .text          0x00000724        0x0 c:/program files (x86)/gnu arm embedded toolchain/10 2021.10/bin/../lib/gcc/arm-none-eabi/10.3.1/../../../../arm-none-eabi/lib\libc.a(lib_a-impure.o)
 .text          0x00000724        0x0 c:/program files (x86)/gnu arm embedded toolchain/10 2021.10/bin/../lib/gcc/arm-none-eabi/10.3.1/../../../../arm-none-eabi/lib\libc.a(lib_a-init.o)
 .text.__libc_init_array
                0x00000724       0x88 c:/program files (x86)/gnu arm embedded toolchain/10 2021.10/bin/../lib/gcc/arm-none-eabi/10.3.1/../../../../arm-none-eabi/lib\libc.a(lib_a-init.o)
                0x00000724                __libc_init_array
 .text          0x000007ac        0x0 c:/program files (x86)/gnu arm embedded toolchain/10 2021.10/bin/../lib/gcc/arm-none-eabi/10.3.1/../../../../arm-none-eabi/lib\libc.a(lib_a-memset.o)
 .text.memset   0x000007ac      0x11c c:/program files (x86)/gnu arm embedded toolchain/10 2021.10/bin/../lib/gcc/arm-none-eabi/10.3.1/../../../../arm-none-eabi/lib\libc.a(lib_a-memset.o)
                0x000007ac                memset
 .text          0x000008c8        0x0 c:/program files (x86)/gnu arm embedded toolchain/10 2021.10/bin/../lib/gcc/arm-none-eabi/10.3.1/../../../../arm-none-eabi/lib\libc.a(lib_a-__call_atexit.o)
 .text.startup.register_fini
                0x000008c8       0x28 c:/program files (x86)/gnu arm embedded toolchain/10 2021.10/bin/../lib/gcc/arm-none-eabi/10.3.1/../../../../arm-none-eabi/lib\libc.a(lib_a-__call_atexit.o)
 .text.__call_exitprocs
                0x000008f0      0x138 c:/program files (x86)/gnu arm embedded toolchain/10 2021.10/bin/../lib/gcc/arm-none-eabi/10.3.1/../../../../arm-none-eabi/lib\libc.a(lib_a-__call_atexit.o)
                0x000008f0                __call_exitprocs
 .text          0x00000a28        0x0 c:/program files (x86)/gnu arm embedded toolchain/10 2021.10/bin/../lib/gcc/arm-none-eabi/10.3.1/../../../../arm-none-eabi/lib\libc.a(lib_a-atexit.o)
 .text.atexit   0x00000a28       0x20 c:/program files (x86)/gnu arm embedded toolchain/10 2021.10/bin/../lib/gcc/arm-none-eabi/10.3.1/../../../../arm-none-eabi/lib\libc.a(lib_a-atexit.o)
                0x00000a28                atexit
 .text          0x00000a48        0x0 c:/program files (x86)/gnu arm embedded toolchain/10 2021.10/bin/../lib/gcc/arm-none-eabi/10.3.1/../../../../arm-none-eabi/lib\libc.a(lib_a-fini.o)
 .text.__libc_fini_array
                0x00000a48       0x44 c:/program files (x86)/gnu arm embedded toolchain/10 2021.10/bin/../lib/gcc/arm-none-eabi/10.3.1/../../../../arm-none-eabi/lib\libc.a(lib_a-fini.o)
                0x00000a48                __libc_fini_array
 .text          0x00000a8c        0x0 c:/program files (x86)/gnu arm embedded toolchain/10 2021.10/bin/../lib/gcc/arm-none-eabi/10.3.1/../../../../arm-none-eabi/lib\libc.a(lib_a-lock.o)
 .text.__retarget_lock_init
                0x00000a8c        0x4 c:/program files (x86)/gnu arm embedded toolchain/10 2021.10/bin/../lib/gcc/arm-none-eabi/10.3.1/../../../../arm-none-eabi/lib\libc.a(lib_a-lock.o)
                0x00000a8c                __retarget_lock_init
 .text.__retarget_lock_init_recursive
                0x00000a90        0x4 c:/program files (x86)/gnu arm embedded toolchain/10 2021.10/bin/../lib/gcc/arm-none-eabi/10.3.1/../../../../arm-none-eabi/lib\libc.a(lib_a-lock.o)
                0x00000a90                __retarget_lock_init_recursive
 .text.__retarget_lock_close
                0x00000a94        0x4 c:/program files (x86)/gnu arm embedded toolchain/10 2021.10/bin/../lib/gcc/arm-none-eabi/10.3.1/../../../../arm-none-eabi/lib\libc.a(lib_a-lock.o)
                0x00000a94                __retarget_lock_close
 .text.__retarget_lock_close_recursive
                0x00000a98        0x4 c:/program files (x86)/gnu arm embedded toolchain/10 2021.10/bin/../lib/gcc/arm-none-eabi/10.3.1/../../../../arm-none-eabi/lib\libc.a(lib_a-lock.o)
                0x00000a98                __retarget_lock_close_recursive
 .text.__retarget_lock_acquire
                0x00000a9c        0x4 c:/program files (x86)/gnu arm embedded toolchain/10 2021.10/bin/../lib/gcc/arm-none-eabi/10.3.1/../../../../arm-none-eabi/lib\libc.a(lib_a-lock.o)
                0x00000a9c                __retarget_lock_acquire
 .text.__retarget_lock_acquire_recursive
                0x00000aa0        0x4 c:/program files (x86)/gnu arm embedded toolchain/10 2021.10/bin/../lib/gcc/arm-none-eabi/10.3.1/../../../../arm-none-eabi/lib\libc.a(lib_a-lock.o)
                0x00000aa0                __retarget_lock_acquire_recursive
 .text.__retarget_lock_try_acquire
                0x00000aa4        0x8 c:/program files (x86)/gnu arm embedded toolchain/10 2021.10/bin/../lib/gcc/arm-none-eabi/10.3.1/../../../../arm-none-eabi/lib\libc.a(lib_a-lock.o)
                0x00000aa4                __retarget_lock_try_acquire
 .text.__retarget_lock_try_acquire_recursive
                0x00000aac        0x8 c:/program files (x86)/gnu arm embedded toolchain/10 2021.10/bin/../lib/gcc/arm-none-eabi/10.3.1/../../../../arm-none-eabi/lib\libc.a(lib_a-lock.o)
                0x00000aac                __retarget_lock_try_acquire_recursive
 .text.__retarget_lock_release
                0x00000ab4        0x4 c:/program files (x86)/gnu arm embedded toolchain/10 2021.10/bin/../lib/gcc/arm-none-eabi/10.3.1/../../../../arm-none-eabi/lib\libc.a(lib_a-lock.o)
                0x00000ab4                __retarget_lock_release
 .text.__retarget_lock_release_recursive
                0x00000ab8        0x4 c:/program files (x86)/gnu arm embedded toolchain/10 2021.10/bin/../lib/gcc/arm-none-eabi/10.3.1/../../../../arm-none-eabi/lib\libc.a(lib_a-lock.o)
                0x00000ab8                __retarget_lock_release_recursive
 .text          0x00000abc        0x0 c:/program files (x86)/gnu arm embedded toolchain/10 2021.10/bin/../lib/gcc/arm-none-eabi/10.3.1/../../../../arm-none-eabi/lib\libc.a(lib_a-__atexit.o)
 .text.__register_exitproc
                0x00000abc       0xbc c:/program files (x86)/gnu arm embedded toolchain/10 2021.10/bin/../lib/gcc/arm-none-eabi/10.3.1/../../../../arm-none-eabi/lib\libc.a(lib_a-__atexit.o)
                0x00000abc                __register_exitproc
 .text          0x00000b78        0x0 c:/program files (x86)/gnu arm embedded toolchain/10 2021.10/bin/../lib/gcc/arm-none-eabi/10.3.1/crtend.o
 .text          0x00000b78        0x0 c:/program files (x86)/gnu arm embedded toolchain/10 2021.10/bin/../lib/gcc/arm-none-eabi/10.3.1/crtn.o
 *(.init*)
 .init          0x00000b78        0xc c:/program files (x86)/gnu arm embedded toolchain/10 2021.10/bin/../lib/gcc/arm-none-eabi/10.3.1/crti.o
                0x00000b78                _init
 .init_array    0x00000b84        0x4 c:/program files (x86)/gnu arm embedded toolchain/10 2021.10/bin/../lib/gcc/arm-none-eabi/10.3.1/crtbegin.o
 .init_array.00000
                0x00000b88        0x4 c:/program files (x86)/gnu arm embedded toolchain/10 2021.10/bin/../lib/gcc/arm-none-eabi/10.3.1/../../../../arm-none-eabi/lib\libc.a(lib_a-__call_atexit.o)
 .init          0x00000b8c        0xc c:/program files (x86)/gnu arm embedded toolchain/10 2021.10/bin/../lib/gcc/arm-none-eabi/10.3.1/crtn.o
 *(.fini*)
 .fini          0x00000b98        0xc c:/program files (x86)/gnu arm embedded toolchain/10 2021.10/bin/../lib/gcc/arm-none-eabi/10.3.1/crti.o
                0x00000b98                _fini
 .fini_array    0x00000ba4        0x4 c:/program files (x86)/gnu arm embedded toolchain/10 2021.10/bin/../lib/gcc/arm-none-eabi/10.3.1/crtbegin.o
 .fini          0x00000ba8        0xc c:/program files (x86)/gnu arm embedded toolchain/10 2021.10/bin/../lib/gcc/arm-none-eabi/10.3.1/crtn.o
 *(.rodata*)
 .rodata        0x00000bb4       0x24 c:/program files (x86)/gnu arm embedded toolchain/10 2021.10/bin/../lib/gcc/arm-none-eabi/10.3.1/crtbegin.o
 .rodata._global_impure_ptr
                0x00000bd8        0x4 c:/program files (x86)/gnu arm embedded toolchain/10 2021.10/bin/../lib/gcc/arm-none-eabi/10.3.1/../../../../arm-none-eabi/lib\libc.a(lib_a-impure.o)
                0x00000bd8                _global_impure_ptr
 .rodata        0x00000bdc       0x24 c:/program files (x86)/gnu arm embedded toolchain/10 2021.10/bin/../lib/gcc/arm-none-eabi/10.3.1/crtend.o
 *(.rodata*)
                0x00000c00                . = ALIGN (0x4)
                0x00000c00                __etext = .

.glue_7         0x00000c00        0x0
 .glue_7        0x00000c00        0x0 linker stubs

.glue_7t        0x00000c00        0x0
 .glue_7t       0x00000c00        0x0 linker stubs

.vfp11_veneer   0x00000c00        0x0
 .vfp11_veneer  0x00000c00        0x0 linker stubs

.v4_bx          0x00000c00        0x0
 .v4_bx         0x00000c00        0x0 linker stubs

.iplt           0x00000c00        0x0
 .iplt          0x00000c00        0x0 c:/program files (x86)/gnu arm embedded toolchain/10 2021.10/bin/../lib/gcc/arm-none-eabi/10.3.1/crtbegin.o

.rel.dyn        0x00000c00        0x0
 .rel.iplt      0x00000c00        0x0 c:/program files (x86)/gnu arm embedded toolchain/10 2021.10/bin/../lib/gcc/arm-none-eabi/10.3.1/crtbegin.o

.data           0x20000000      0x434 load address 0x00000c00
                0x20000000                . = ALIGN (0x4)
                0x20000000                __data_start__ = .
 *(.data*)
 .data          0x20000000        0x0 c:/program files (x86)/gnu arm embedded toolchain/10 2021.10/bin/../lib/gcc/arm-none-eabi/10.3.1/crti.o
 .data          0x20000000        0x4 c:/program files (x86)/gnu arm embedded toolchain/10 2021.10/bin/../lib/gcc/arm-none-eabi/10.3.1/crtbegin.o
                0x20000000                __dso_handle
 .data          0x20000004        0x0 c:/program files (x86)/gnu arm embedded toolchain/10 2021.10/bin/../lib/gcc/arm-none-eabi/10.3.1/../../../../arm-none-eabi/lib/crt0.o
 .data          0x20000004        0x0 _build/nrf52832_xxaa/main.o
 .data          0x20000004        0x0 _build/nrf52832_xxaa/syscalls.o
 .data          0x20000004        0x0 _build/nrf52832_xxaa/gcc_startup_nrf52.o
 .data          0x20000004        0x0 _build/nrf52832_xxaa/system_nrf52.o
 .data          0x20000004        0x0 c:/program files (x86)/gnu arm embedded toolchain/10 2021.10/bin/../lib/gcc/arm-none-eabi/10.3.1/../../../../arm-none-eabi/lib\libc.a(lib_a-errno.o)
 .data          0x20000004        0x0 c:/program files (x86)/gnu arm embedded toolchain/10 2021.10/bin/../lib/gcc/arm-none-eabi/10.3.1/../../../../arm-none-eabi/lib\libc.a(lib_a-exit.o)
 .data          0x20000004        0x0 c:/program files (x86)/gnu arm embedded toolchain/10 2021.10/bin/../lib/gcc/arm-none-eabi/10.3.1/../../../../arm-none-eabi/lib\libc.a(lib_a-impure.o)
 .data._impure_ptr
                0x20000004        0x4 c:/program files (x86)/gnu arm embedded toolchain/10 2021.10/bin/../lib/gcc/arm-none-eabi/10.3.1/../../../../arm-none-eabi/lib\libc.a(lib_a-impure.o)
                0x20000004                _impure_ptr
 .data.impure_data
                0x20000008      0x428 c:/program files (x86)/gnu arm embedded toolchain/10 2021.10/bin/../lib/gcc/arm-none-eabi/10.3.1/../../../../arm-none-eabi/lib\libc.a(lib_a-impure.o)
 .data          0x20000430        0x0 c:/program files (x86)/gnu arm embedded toolchain/10 2021.10/bin/../lib/gcc/arm-none-eabi/10.3.1/../../../../arm-none-eabi/lib\libc.a(lib_a-init.o)
 .data          0x20000430        0x0 c:/program files (x86)/gnu arm embedded toolchain/10 2021.10/bin/../lib/gcc/arm-none-eabi/10.3.1/../../../../arm-none-eabi/lib\libc.a(lib_a-memset.o)
 .data          0x20000430        0x0 c:/program files (x86)/gnu arm embedded toolchain/10 2021.10/bin/../lib/gcc/arm-none-eabi/10.3.1/../../../../arm-none-eabi/lib\libc.a(lib_a-__call_atexit.o)
 .data.__atexit_recursive_mutex
                0x20000430        0x4 c:/program files (x86)/gnu arm embedded toolchain/10 2021.10/bin/../lib/gcc/arm-none-eabi/10.3.1/../../../../arm-none-eabi/lib\libc.a(lib_a-__call_atexit.o)
                0x20000430                __atexit_recursive_mutex
 .data          0x20000434        0x0 c:/program files (x86)/gnu arm embedded toolchain/10 2021.10/bin/../lib/gcc/arm-none-eabi/10.3.1/../../../../arm-none-eabi/lib\libc.a(lib_a-atexit.o)
 .data          0x20000434        0x0 c:/program files (x86)/gnu arm embedded toolchain/10 2021.10/bin/../lib/gcc/arm-none-eabi/10.3.1/../../../../arm-none-eabi/lib\libc.a(lib_a-fini.o)
 .data          0x20000434        0x0 c:/program files (x86)/gnu arm embedded toolchain/10 2021.10/bin/../lib/gcc/arm-none-eabi/10.3.1/../../../../arm-none-eabi/lib\libc.a(lib_a-lock.o)
 .data          0x20000434        0x0 c:/program files (x86)/gnu arm embedded toolchain/10 2021.10/bin/../lib/gcc/arm-none-eabi/10.3.1/../../../../arm-none-eabi/lib\libc.a(lib_a-__atexit.o)
 .data          0x20000434        0x0 c:/program files (x86)/gnu arm embedded toolchain/10 2021.10/bin/../lib/gcc/arm-none-eabi/10.3.1/crtend.o
 .data          0x20000434        0x0 c:/program files (x86)/gnu arm embedded toolchain/10 2021.10/bin/../lib/gcc/arm-none-eabi/10.3.1/crtn.o
                0x20000434                . = ALIGN (0x4)
                0x20000434                __data_end__ = .

.igot.plt       0x20000434        0x0 load address 0x00001034
 .igot.plt      0x20000434        0x0 c:/program files (x86)/gnu arm embedded toolchain/10 2021.10/bin/../lib/gcc/arm-none-eabi/10.3.1/crtbegin.o

.bss            0x20000434       0x44 load address 0x00001034
                0x20000434                . = ALIGN (0x4)
                0x20000434                __bss_start__ = .
 *(.bss*)
 .bss           0x20000434        0x0 c:/program files (x86)/gnu arm embedded toolchain/10 2021.10/bin/../lib/gcc/arm-none-eabi/10.3.1/crti.o
 .bss           0x20000434       0x1c c:/program files (x86)/gnu arm embedded toolchain/10 2021.10/bin/../lib/gcc/arm-none-eabi/10.3.1/crtbegin.o
 .bss           0x20000450        0x0 c:/program files (x86)/gnu arm embedded toolchain/10 2021.10/bin/../lib/gcc/arm-none-eabi/10.3.1/../../../../arm-none-eabi/lib/crt0.o
 .bss           0x20000450        0x0 _build/nrf52832_xxaa/main.o
 .bss           0x20000450        0x4 _build/nrf52832_xxaa/syscalls.o
 .bss           0x20000454        0x0 _build/nrf52832_xxaa/gcc_startup_nrf52.o
 .bss           0x20000454        0x0 _build/nrf52832_xxaa/system_nrf52.o
 .bss           0x20000454        0x0 c:/program files (x86)/gnu arm embedded toolchain/10 2021.10/bin/../lib/gcc/arm-none-eabi/10.3.1/../../../../arm-none-eabi/lib\libc.a(lib_a-errno.o)
 .bss           0x20000454        0x0 c:/program files (x86)/gnu arm embedded toolchain/10 2021.10/bin/../lib/gcc/arm-none-eabi/10.3.1/../../../../arm-none-eabi/lib\libc.a(lib_a-exit.o)
 .bss           0x20000454        0x0 c:/program files (x86)/gnu arm embedded toolchain/10 2021.10/bin/../lib/gcc/arm-none-eabi/10.3.1/../../../../arm-none-eabi/lib\libc.a(lib_a-impure.o)
 .bss           0x20000454        0x0 c:/program files (x86)/gnu arm embedded toolchain/10 2021.10/bin/../lib/gcc/arm-none-eabi/10.3.1/../../../../arm-none-eabi/lib\libc.a(lib_a-init.o)
 .bss           0x20000454        0x0 c:/program files (x86)/gnu arm embedded toolchain/10 2021.10/bin/../lib/gcc/arm-none-eabi/10.3.1/../../../../arm-none-eabi/lib\libc.a(lib_a-memset.o)
 .bss           0x20000454        0x0 c:/program files (x86)/gnu arm embedded toolchain/10 2021.10/bin/../lib/gcc/arm-none-eabi/10.3.1/../../../../arm-none-eabi/lib\libc.a(lib_a-__call_atexit.o)
 .bss           0x20000454        0x0 c:/program files (x86)/gnu arm embedded toolchain/10 2021.10/bin/../lib/gcc/arm-none-eabi/10.3.1/../../../../arm-none-eabi/lib\libc.a(lib_a-atexit.o)
 .bss           0x20000454        0x0 c:/program files (x86)/gnu arm embedded toolchain/10 2021.10/bin/../lib/gcc/arm-none-eabi/10.3.1/../../../../arm-none-eabi/lib\libc.a(lib_a-fini.o)
 .bss           0x20000454        0x0 c:/program files (x86)/gnu arm embedded toolchain/10 2021.10/bin/../lib/gcc/arm-none-eabi/10.3.1/../../../../arm-none-eabi/lib\libc.a(lib_a-lock.o)
 .bss.__lock___arc4random_mutex
                0x20000454        0x1 c:/program files (x86)/gnu arm embedded toolchain/10 2021.10/bin/../lib/gcc/arm-none-eabi/10.3.1/../../../../arm-none-eabi/lib\libc.a(lib_a-lock.o)
                0x20000454                __lock___arc4random_mutex
 *fill*         0x20000455        0x3 
 .bss.__lock___at_quick_exit_mutex
                0x20000458        0x1 c:/program files (x86)/gnu arm embedded toolchain/10 2021.10/bin/../lib/gcc/arm-none-eabi/10.3.1/../../../../arm-none-eabi/lib\libc.a(lib_a-lock.o)
                0x20000458                __lock___at_quick_exit_mutex
 *fill*         0x20000459        0x3 
 .bss.__lock___atexit_recursive_mutex
                0x2000045c        0x1 c:/program files (x86)/gnu arm embedded toolchain/10 2021.10/bin/../lib/gcc/arm-none-eabi/10.3.1/../../../../arm-none-eabi/lib\libc.a(lib_a-lock.o)
                0x2000045c                __lock___atexit_recursive_mutex
 *fill*         0x2000045d        0x3 
 .bss.__lock___dd_hash_mutex
                0x20000460        0x1 c:/program files (x86)/gnu arm embedded toolchain/10 2021.10/bin/../lib/gcc/arm-none-eabi/10.3.1/../../../../arm-none-eabi/lib\libc.a(lib_a-lock.o)
                0x20000460                __lock___dd_hash_mutex
 *fill*         0x20000461        0x3 
 .bss.__lock___env_recursive_mutex
                0x20000464        0x1 c:/program files (x86)/gnu arm embedded toolchain/10 2021.10/bin/../lib/gcc/arm-none-eabi/10.3.1/../../../../arm-none-eabi/lib\libc.a(lib_a-lock.o)
                0x20000464                __lock___env_recursive_mutex
 *fill*         0x20000465        0x3 
 .bss.__lock___malloc_recursive_mutex
                0x20000468        0x1 c:/program files (x86)/gnu arm embedded toolchain/10 2021.10/bin/../lib/gcc/arm-none-eabi/10.3.1/../../../../arm-none-eabi/lib\libc.a(lib_a-lock.o)
                0x20000468                __lock___malloc_recursive_mutex
 *fill*         0x20000469        0x3 
 .bss.__lock___sfp_recursive_mutex
                0x2000046c        0x1 c:/program files (x86)/gnu arm embedded toolchain/10 2021.10/bin/../lib/gcc/arm-none-eabi/10.3.1/../../../../arm-none-eabi/lib\libc.a(lib_a-lock.o)
                0x2000046c                __lock___sfp_recursive_mutex
 *fill*         0x2000046d        0x3 
 .bss.__lock___sinit_recursive_mutex
                0x20000470        0x1 c:/program files (x86)/gnu arm embedded toolchain/10 2021.10/bin/../lib/gcc/arm-none-eabi/10.3.1/../../../../arm-none-eabi/lib\libc.a(lib_a-lock.o)
                0x20000470                __lock___sinit_recursive_mutex
 *fill*         0x20000471        0x3 
 .bss.__lock___tz_mutex
                0x20000474        0x1 c:/program files (x86)/gnu arm embedded toolchain/10 2021.10/bin/../lib/gcc/arm-none-eabi/10.3.1/../../../../arm-none-eabi/lib\libc.a(lib_a-lock.o)
                0x20000474                __lock___tz_mutex
 .bss           0x20000475        0x0 c:/program files (x86)/gnu arm embedded toolchain/10 2021.10/bin/../lib/gcc/arm-none-eabi/10.3.1/../../../../arm-none-eabi/lib\libc.a(lib_a-__atexit.o)
 .bss           0x20000475        0x0 c:/program files (x86)/gnu arm embedded toolchain/10 2021.10/bin/../lib/gcc/arm-none-eabi/10.3.1/crtend.o
 .bss           0x20000475        0x0 c:/program files (x86)/gnu arm embedded toolchain/10 2021.10/bin/../lib/gcc/arm-none-eabi/10.3.1/crtn.o
 *(COMMON)
                0x20000478                . = ALIGN (0x4)
 *fill*         0x20000475        0x3 
                0x20000478                __bss_end__ = .

.stack          0x20000478     0x2000 load address 0x00001078
                0x20000478                . = ALIGN (0x8)
                0x20000478                __StackLimit = .
                0x20001478                . = (. + 0x1000)
 *fill*         0x20000478     0x1000 
                0x20001478                __StackTop = .
 .stack         0x20001478     0x1000 _build/nrf52832_xxaa/gcc_startup_nrf52.o
OUTPUT(_build/nrf52832_xxaa/nrf52832_xxaa.out elf32-littlearm)
LOAD linker stubs

.ARM.attributes
                0x00000000       0x2c
 .ARM.attributes
                0x00000000       0x1c c:/program files (x86)/gnu arm embedded toolchain/10 2021.10/bin/../lib/gcc/arm-none-eabi/10.3.1/crti.o
 .ARM.attributes
                0x0000001c       0x2a c:/program files (x86)/gnu arm embedded toolchain/10 2021.10/bin/../lib/gcc/arm-none-eabi/10.3.1/crtbegin.o
 .ARM.attributes
                0x00000046       0x1a c:/program files (x86)/gnu arm embedded toolchain/10 2021.10/bin/../lib/gcc/arm-none-eabi/10.3.1/../../../../arm-none-eabi/lib/crt0.o
 .ARM.attributes
                0x00000060       0x2e _build/nrf52832_xxaa/main.o
 .ARM.attributes
                0x0000008e       0x2e _build/nrf52832_xxaa/syscalls.o
 .ARM.attributes
                0x000000bc       0x1c _build/nrf52832_xxaa/gcc_startup_nrf52.o
 .ARM.attributes
                0x000000d8       0x2e _build/nrf52832_xxaa/system_nrf52.o
 .ARM.attributes
                0x00000106       0x2a c:/program files (x86)/gnu arm embedded toolchain/10 2021.10/bin/../lib/gcc/arm-none-eabi/10.3.1/../../../../arm-none-eabi/lib\libc.a(lib_a-errno.o)
 .ARM.attributes
                0x00000130       0x2a c:/program files (x86)/gnu arm embedded toolchain/10 2021.10/bin/../lib/gcc/arm-none-eabi/10.3.1/../../../../arm-none-eabi/lib\libc.a(lib_a-exit.o)
 .ARM.attributes
                0x0000015a       0x2a c:/program files (x86)/gnu arm embedded toolchain/10 2021.10/bin/../lib/gcc/arm-none-eabi/10.3.1/../../../../arm-none-eabi/lib\libc.a(lib_a-impure.o)
 .ARM.attributes
                0x00000184       0x2a c:/program files (x86)/gnu arm embedded toolchain/10 2021.10/bin/../lib/gcc/arm-none-eabi/10.3.1/../../../../arm-none-eabi/lib\libc.a(lib_a-init.o)
 .ARM.attributes
                0x000001ae       0x2a c:/program files (x86)/gnu arm embedded toolchain/10 2021.10/bin/../lib/gcc/arm-none-eabi/10.3.1/../../../../arm-none-eabi/lib\libc.a(lib_a-memset.o)
 .ARM.attributes
                0x000001d8       0x2a c:/program files (x86)/gnu arm embedded toolchain/10 2021.10/bin/../lib/gcc/arm-none-eabi/10.3.1/../../../../arm-none-eabi/lib\libc.a(lib_a-__call_atexit.o)
 .ARM.attributes
                0x00000202       0x2a c:/program files (x86)/gnu arm embedded toolchain/10 2021.10/bin/../lib/gcc/arm-none-eabi/10.3.1/../../../../arm-none-eabi/lib\libc.a(lib_a-atexit.o)
 .ARM.attributes
                0x0000022c       0x2a c:/program files (x86)/gnu arm embedded toolchain/10 2021.10/bin/../lib/gcc/arm-none-eabi/10.3.1/../../../../arm-none-eabi/lib\libc.a(lib_a-fini.o)
 .ARM.attributes
                0x00000256       0x2a c:/program files (x86)/gnu arm embedded toolchain/10 2021.10/bin/../lib/gcc/arm-none-eabi/10.3.1/../../../../arm-none-eabi/lib\libc.a(lib_a-lock.o)
 .ARM.attributes
                0x00000280       0x2a c:/program files (x86)/gnu arm embedded toolchain/10 2021.10/bin/../lib/gcc/arm-none-eabi/10.3.1/../../../../arm-none-eabi/lib\libc.a(lib_a-__atexit.o)
 .ARM.attributes
                0x000002aa       0x2a c:/program files (x86)/gnu arm embedded toolchain/10 2021.10/bin/../lib/gcc/arm-none-eabi/10.3.1/crtend.o
 .ARM.attributes
                0x000002d4       0x1c c:/program files (x86)/gnu arm embedded toolchain/10 2021.10/bin/../lib/gcc/arm-none-eabi/10.3.1/crtn.o

.comment        0x00000000       0x49
 .comment       0x00000000       0x49 _build/nrf52832_xxaa/main.o
                                 0x4a (size before relaxing)
 .comment       0x00000049       0x4a _build/nrf52832_xxaa/syscalls.o
 .comment       0x00000049       0x4a _build/nrf52832_xxaa/system_nrf52.o

.heap           0x00000000     0x1000
 .heap          0x00000000     0x1000 _build/nrf52832_xxaa/gcc_startup_nrf52.o
                0x00000000                __HeapBase
                0x00001000                __HeapLimit

.debug_info     0x00000000      0xcd6
 .debug_info    0x00000000      0x7f3 _build/nrf52832_xxaa/main.o
 .debug_info    0x000007f3      0x485 _build/nrf52832_xxaa/syscalls.o
 .debug_info    0x00000c78       0x22 _build/nrf52832_xxaa/gcc_startup_nrf52.o
 .debug_info    0x00000c9a       0x3c _build/nrf52832_xxaa/system_nrf52.o

.debug_abbrev   0x00000000      0x34c
 .debug_abbrev  0x00000000      0x1cc _build/nrf52832_xxaa/main.o
 .debug_abbrev  0x000001cc      0x13d _build/nrf52832_xxaa/syscalls.o
 .debug_abbrev  0x00000309       0x12 _build/nrf52832_xxaa/gcc_startup_nrf52.o
 .debug_abbrev  0x0000031b       0x31 _build/nrf52832_xxaa/system_nrf52.o

.debug_aranges  0x00000000       0x88
 .debug_aranges
                0x00000000       0x20 _build/nrf52832_xxaa/main.o
 .debug_aranges
                0x00000020       0x20 _build/nrf52832_xxaa/syscalls.o
 .debug_aranges
                0x00000040       0x28 _build/nrf52832_xxaa/gcc_startup_nrf52.o
 .debug_aranges
                0x00000068       0x20 _build/nrf52832_xxaa/system_nrf52.o

.debug_macro    0x00000000    0x13080
 .debug_macro   0x00000000      0x165 _build/nrf52832_xxaa/main.o
 .debug_macro   0x00000165      0xa78 _build/nrf52832_xxaa/main.o
 .debug_macro   0x00000bdd      0x6cf _build/nrf52832_xxaa/main.o
 .debug_macro   0x000012ac       0x22 _build/nrf52832_xxaa/main.o
 .debug_macro   0x000012ce       0x8e _build/nrf52832_xxaa/main.o
 .debug_macro   0x0000135c       0x51 _build/nrf52832_xxaa/main.o
 .debug_macro   0x000013ad      0x103 _build/nrf52832_xxaa/main.o
 .debug_macro   0x000014b0       0x6a _build/nrf52832_xxaa/main.o
 .debug_macro   0x0000151a      0x1df _build/nrf52832_xxaa/main.o
 .debug_macro   0x000016f9      0x174 _build/nrf52832_xxaa/main.o
 .debug_macro   0x0000186d       0x22 _build/nrf52832_xxaa/main.o
 .debug_macro   0x0000188f       0x22 _build/nrf52832_xxaa/main.o
 .debug_macro   0x000018b1       0x3b _build/nrf52832_xxaa/main.o
 .debug_macro   0x000018ec       0x1c _build/nrf52832_xxaa/main.o
 .debug_macro   0x00001908       0x22 _build/nrf52832_xxaa/main.o
 .debug_macro   0x0000192a       0xfb _build/nrf52832_xxaa/main.o
 .debug_macro   0x00001a25     0x1011 _build/nrf52832_xxaa/main.o
 .debug_macro   0x00002a36      0x11f _build/nrf52832_xxaa/main.o
 .debug_macro   0x00002b55      0x3a0 _build/nrf52832_xxaa/main.o
 .debug_macro   0x00002ef5     0xccef _build/nrf52832_xxaa/main.o
 .debug_macro   0x0000fbe4     0x1325 _build/nrf52832_xxaa/main.o
 .debug_macro   0x00010f09       0x82 _build/nrf52832_xxaa/main.o
 .debug_macro   0x00010f8b       0x40 _build/nrf52832_xxaa/main.o
 .debug_macro   0x00010fcb      0x3dc _build/nrf52832_xxaa/main.o
 .debug_macro   0x000113a7       0x59 _build/nrf52832_xxaa/main.o
 .debug_macro   0x00011400       0xc0 _build/nrf52832_xxaa/main.o
 .debug_macro   0x000114c0       0x16 _build/nrf52832_xxaa/main.o
 .debug_macro   0x000114d6       0x1c _build/nrf52832_xxaa/main.o
 .debug_macro   0x000114f2      0x1cf _build/nrf52832_xxaa/syscalls.o
 .debug_macro   0x000116c1      0x6ac _build/nrf52832_xxaa/syscalls.o
 .debug_macro   0x00011d6d       0x5e _build/nrf52832_xxaa/syscalls.o
 .debug_macro   0x00011dcb       0x18 _build/nrf52832_xxaa/syscalls.o
 .debug_macro   0x00011de3       0x94 _build/nrf52832_xxaa/syscalls.o
 .debug_macro   0x00011e77       0x35 _build/nrf52832_xxaa/syscalls.o
 .debug_macro   0x00011eac       0x34 _build/nrf52832_xxaa/syscalls.o
 .debug_macro   0x00011ee0       0x57 _build/nrf52832_xxaa/syscalls.o
 .debug_macro   0x00011f37      0x341 _build/nrf52832_xxaa/syscalls.o
 .debug_macro   0x00012278       0x16 _build/nrf52832_xxaa/syscalls.o
 .debug_macro   0x0001228e       0x43 _build/nrf52832_xxaa/syscalls.o
 .debug_macro   0x000122d1       0x34 _build/nrf52832_xxaa/syscalls.o
 .debug_macro   0x00012305       0x10 _build/nrf52832_xxaa/syscalls.o
 .debug_macro   0x00012315       0x58 _build/nrf52832_xxaa/syscalls.o
 .debug_macro   0x0001236d      0x182 _build/nrf52832_xxaa/syscalls.o
 .debug_macro   0x000124ef       0x10 _build/nrf52832_xxaa/syscalls.o
 .debug_macro   0x000124ff       0x35 _build/nrf52832_xxaa/syscalls.o
 .debug_macro   0x00012534       0x10 _build/nrf52832_xxaa/syscalls.o
 .debug_macro   0x00012544       0x10 _build/nrf52832_xxaa/syscalls.o
 .debug_macro   0x00012554       0x10 _build/nrf52832_xxaa/syscalls.o
 .debug_macro   0x00012564       0x1c _build/nrf52832_xxaa/syscalls.o
 .debug_macro   0x00012580       0x52 _build/nrf52832_xxaa/syscalls.o
 .debug_macro   0x000125d2       0x22 _build/nrf52832_xxaa/syscalls.o
 .debug_macro   0x000125f4       0x10 _build/nrf52832_xxaa/syscalls.o
 .debug_macro   0x00012604       0x52 _build/nrf52832_xxaa/syscalls.o
 .debug_macro   0x00012656       0xd5 _build/nrf52832_xxaa/syscalls.o
 .debug_macro   0x0001272b       0x1c _build/nrf52832_xxaa/syscalls.o
 .debug_macro   0x00012747       0x3d _build/nrf52832_xxaa/syscalls.o
 .debug_macro   0x00012784       0x35 _build/nrf52832_xxaa/syscalls.o
 .debug_macro   0x000127b9      0x12c _build/nrf52832_xxaa/syscalls.o
 .debug_macro   0x000128e5       0x16 _build/nrf52832_xxaa/syscalls.o
 .debug_macro   0x000128fb      0x51a _build/nrf52832_xxaa/syscalls.o
 .debug_macro   0x00012e15       0x10 _build/nrf52832_xxaa/syscalls.o
 .debug_macro   0x00012e25      0x241 _build/nrf52832_xxaa/syscalls.o
 .debug_macro   0x00013066       0x1a _build/nrf52832_xxaa/system_nrf52.o

.debug_line     0x00000000      0xa3a
 .debug_line    0x00000000      0x55d _build/nrf52832_xxaa/main.o
 .debug_line    0x0000055d      0x3c4 _build/nrf52832_xxaa/syscalls.o
 .debug_line    0x00000921       0xbd _build/nrf52832_xxaa/gcc_startup_nrf52.o
 .debug_line    0x000009de       0x5c _build/nrf52832_xxaa/system_nrf52.o

.debug_str      0x00000000    0x655c9
 .debug_str     0x00000000    0x608ea _build/nrf52832_xxaa/main.o
                              0x615de (size before relaxing)
 .debug_str     0x000608ea     0x4c6e _build/nrf52832_xxaa/syscalls.o
                               0x9eab (size before relaxing)
 .debug_str     0x00065558       0x53 _build/nrf52832_xxaa/gcc_startup_nrf52.o
                                 0x8a (size before relaxing)
 .debug_str     0x000655ab       0x1e _build/nrf52832_xxaa/system_nrf52.o
                               0x4990 (size before relaxing)

.debug_frame    0x00000000      0x560
 .debug_frame   0x00000000      0x178 _build/nrf52832_xxaa/main.o
 .debug_frame   0x00000178      0x140 _build/nrf52832_xxaa/syscalls.o
 .debug_frame   0x000002b8       0x30 _build/nrf52832_xxaa/system_nrf52.o
 .debug_frame   0x000002e8       0x20 c:/program files (x86)/gnu arm embedded toolchain/10 2021.10/bin/../lib/gcc/arm-none-eabi/10.3.1/../../../../arm-none-eabi/lib\libc.a(lib_a-errno.o)
 .debug_frame   0x00000308       0x28 c:/program files (x86)/gnu arm embedded toolchain/10 2021.10/bin/../lib/gcc/arm-none-eabi/10.3.1/../../../../arm-none-eabi/lib\libc.a(lib_a-exit.o)
 .debug_frame   0x00000330       0x34 c:/program files (x86)/gnu arm embedded toolchain/10 2021.10/bin/../lib/gcc/arm-none-eabi/10.3.1/../../../../arm-none-eabi/lib\libc.a(lib_a-init.o)
 .debug_frame   0x00000364       0x48 c:/program files (x86)/gnu arm embedded toolchain/10 2021.10/bin/../lib/gcc/arm-none-eabi/10.3.1/../../../../arm-none-eabi/lib\libc.a(lib_a-memset.o)
 .debug_frame   0x000003ac       0x68 c:/program files (x86)/gnu arm embedded toolchain/10 2021.10/bin/../lib/gcc/arm-none-eabi/10.3.1/../../../../arm-none-eabi/lib\libc.a(lib_a-__call_atexit.o)
 .debug_frame   0x00000414       0x2c c:/program files (x86)/gnu arm embedded toolchain/10 2021.10/bin/../lib/gcc/arm-none-eabi/10.3.1/../../../../arm-none-eabi/lib\libc.a(lib_a-atexit.o)
 .debug_frame   0x00000440       0x34 c:/program files (x86)/gnu arm embedded toolchain/10 2021.10/bin/../lib/gcc/arm-none-eabi/10.3.1/../../../../arm-none-eabi/lib\libc.a(lib_a-fini.o)
 .debug_frame   0x00000474       0xb0 c:/program files (x86)/gnu arm embedded toolchain/10 2021.10/bin/../lib/gcc/arm-none-eabi/10.3.1/../../../../arm-none-eabi/lib\libc.a(lib_a-lock.o)
 .debug_frame   0x00000524       0x3c c:/program files (x86)/gnu arm embedded toolchain/10 2021.10/bin/../lib/gcc/arm-none-eabi/10.3.1/../../../../arm-none-eabi/lib\libc.a(lib_a-__atexit.o)

.debug_ranges   0x00000000       0x20
 .debug_ranges  0x00000000       0x20 _build/nrf52832_xxaa/gcc_startup_nrf52.o
